
*** Running vivado
    with args -log terminal_demo.vds -m64 -product Vivado -mode batch -messageDb vivado.pb -notrace -source terminal_demo.tcl



****** Vivado v2024.2 (64-bit)
  **** SW Build 5239630 on Fri Nov 08 22:35:27 MST 2024
  **** IP Build 5239520 on Sun Nov 10 16:12:51 MST 2024
  **** SharedData Build 5239561 on Fri Nov 08 14:39:27 MST 2024
  **** Start of session at: Wed Feb 12 22:39:29 2025
    ** Copyright 1986-2022 Xilinx, Inc. All Rights Reserved.
    ** Copyright 2022-2024 Advanced Micro Devices, Inc. All Rights Reserved.

source terminal_demo.tcl -notrace
Command: synth_design -top terminal_demo -part xc7a100tcsg324-1
Starting synth_design
Attempting to get a license for feature 'Synthesis' and/or device 'xc7a100t'
INFO: [Common 17-349] Got license for feature 'Synthesis' and/or device 'xc7a100t'
INFO: [Device 21-403] Loading part xc7a100tcsg324-1
INFO: [Synth 8-7079] Multithreading enabled for synth_design using a maximum of 2 processes.
INFO: [Synth 8-7078] Launching helper process for spawning children vivado processes
INFO: [Synth 8-7075] Helper process launched with PID 19864
---------------------------------------------------------------------------------
Starting RTL Elaboration : Time (s): cpu = 00:00:04 ; elapsed = 00:00:04 . Memory (MB): peak = 1089.633 ; gain = 466.957
---------------------------------------------------------------------------------
INFO: [Synth 8-11241] undeclared symbol 'synch_noisy', assumed default net type 'wire' [C:/Users/jjate/OneDrive/Desktop/nexys/uart_a7/uart_a7.srcs/sources_1/imports/Source/button.v:34]
INFO: [Synth 8-11241] undeclared symbol 'rd_uart_pedge', assumed default net type 'wire' [C:/Users/jjate/OneDrive/Desktop/nexys/uart_a7/uart_a7.srcs/sources_1/imports/Source/terminal_demo.v:49]
INFO: [Synth 8-11241] undeclared symbol 'wr_uart_pedge', assumed default net type 'wire' [C:/Users/jjate/OneDrive/Desktop/nexys/uart_a7/uart_a7.srcs/sources_1/imports/Source/terminal_demo.v:59]
INFO: [Synth 8-6157] synthesizing module 'terminal_demo' [C:/Users/jjate/OneDrive/Desktop/nexys/uart_a7/uart_a7.srcs/sources_1/imports/Source/terminal_demo.v:23]
INFO: [Synth 8-6157] synthesizing module 'button' [C:/Users/jjate/OneDrive/Desktop/nexys/uart_a7/uart_a7.srcs/sources_1/imports/Source/button.v:23]
INFO: [Synth 8-6157] synthesizing module 'synchronizer' [C:/Users/jjate/OneDrive/Desktop/nexys/uart_a7/uart_a7.srcs/sources_1/imports/Source/synchronizer.v:23]
	Parameter STAGES bound to: 2 - type: integer 
INFO: [Synth 8-6155] done synthesizing module 'synchronizer' (0#1) [C:/Users/jjate/OneDrive/Desktop/nexys/uart_a7/uart_a7.srcs/sources_1/imports/Source/synchronizer.v:23]
INFO: [Synth 8-6157] synthesizing module 'debouncer_delayed' [C:/Users/jjate/OneDrive/Desktop/nexys/uart_a7/uart_a7.srcs/sources_1/imports/Source/debouncer_delayed.v:23]
INFO: [Synth 8-6157] synthesizing module 'debouncer_delayed_fsm' [C:/Users/jjate/OneDrive/Desktop/nexys/uart_a7/uart_a7.srcs/sources_1/imports/Source/debouncer_delayed_fsm.v:23]
INFO: [Synth 8-226] default block is never used [C:/Users/jjate/OneDrive/Desktop/nexys/uart_a7/uart_a7.srcs/sources_1/imports/Source/debouncer_delayed_fsm.v:45]
INFO: [Synth 8-6155] done synthesizing module 'debouncer_delayed_fsm' (0#1) [C:/Users/jjate/OneDrive/Desktop/nexys/uart_a7/uart_a7.srcs/sources_1/imports/Source/debouncer_delayed_fsm.v:23]
INFO: [Synth 8-6157] synthesizing module 'timer_parameter' [C:/Users/jjate/OneDrive/Desktop/nexys/uart_a7/uart_a7.srcs/sources_1/imports/Source/timer_parameter.v:23]
	Parameter FINAL_VALUE bound to: 1999999 - type: integer 
INFO: [Synth 8-6155] done synthesizing module 'timer_parameter' (0#1) [C:/Users/jjate/OneDrive/Desktop/nexys/uart_a7/uart_a7.srcs/sources_1/imports/Source/timer_parameter.v:23]
INFO: [Synth 8-6155] done synthesizing module 'debouncer_delayed' (0#1) [C:/Users/jjate/OneDrive/Desktop/nexys/uart_a7/uart_a7.srcs/sources_1/imports/Source/debouncer_delayed.v:23]
INFO: [Synth 8-6157] synthesizing module 'edge_detector' [C:/Users/jjate/OneDrive/Desktop/nexys/uart_a7/uart_a7.srcs/sources_1/imports/Source/edge_detector.v:23]
INFO: [Synth 8-226] default block is never used [C:/Users/jjate/OneDrive/Desktop/nexys/uart_a7/uart_a7.srcs/sources_1/imports/Source/edge_detector.v:45]
INFO: [Synth 8-6155] done synthesizing module 'edge_detector' (0#1) [C:/Users/jjate/OneDrive/Desktop/nexys/uart_a7/uart_a7.srcs/sources_1/imports/Source/edge_detector.v:23]
INFO: [Synth 8-6155] done synthesizing module 'button' (0#1) [C:/Users/jjate/OneDrive/Desktop/nexys/uart_a7/uart_a7.srcs/sources_1/imports/Source/button.v:23]
INFO: [Synth 8-6157] synthesizing module 'uart' [C:/Users/jjate/OneDrive/Desktop/nexys/uart_a7/uart_a7.srcs/sources_1/imports/Source/uart.v:23]
	Parameter DBIT bound to: 8 - type: integer 
	Parameter SB_TICK bound to: 16 - type: integer 
INFO: [Synth 8-6157] synthesizing module 'timer_input' [C:/Users/jjate/OneDrive/Desktop/nexys/uart_a7/uart_a7.srcs/sources_1/imports/Source/timer_input.v:23]
	Parameter BITS bound to: 11 - type: integer 
INFO: [Synth 8-6155] done synthesizing module 'timer_input' (0#1) [C:/Users/jjate/OneDrive/Desktop/nexys/uart_a7/uart_a7.srcs/sources_1/imports/Source/timer_input.v:23]
INFO: [Synth 8-6157] synthesizing module 'uart_rx' [C:/Users/jjate/OneDrive/Desktop/nexys/uart_a7/uart_a7.srcs/sources_1/imports/Source/uart_rx.v:23]
	Parameter DBIT bound to: 8 - type: integer 
	Parameter SB_TICK bound to: 16 - type: integer 
INFO: [Synth 8-226] default block is never used [C:/Users/jjate/OneDrive/Desktop/nexys/uart_a7/uart_a7.srcs/sources_1/imports/Source/uart_rx.v:69]
INFO: [Synth 8-6155] done synthesizing module 'uart_rx' (0#1) [C:/Users/jjate/OneDrive/Desktop/nexys/uart_a7/uart_a7.srcs/sources_1/imports/Source/uart_rx.v:23]
INFO: [Synth 8-6157] synthesizing module 'fifo_generator_0' [C:/Users/jjate/OneDrive/Desktop/nexys/uart_a7/uart_a7.runs/synth_1/.Xil/Vivado-30252-JjNitro/realtime/fifo_generator_0_stub.v:6]
INFO: [Synth 8-6155] done synthesizing module 'fifo_generator_0' (0#1) [C:/Users/jjate/OneDrive/Desktop/nexys/uart_a7/uart_a7.runs/synth_1/.Xil/Vivado-30252-JjNitro/realtime/fifo_generator_0_stub.v:6]
INFO: [Synth 8-6157] synthesizing module 'uart_tx' [C:/Users/jjate/OneDrive/Desktop/nexys/uart_a7/uart_a7.srcs/sources_1/imports/Source/uart_tx.v:23]
	Parameter DBIT bound to: 8 - type: integer 
	Parameter SB_TICK bound to: 16 - type: integer 
INFO: [Synth 8-226] default block is never used [C:/Users/jjate/OneDrive/Desktop/nexys/uart_a7/uart_a7.srcs/sources_1/imports/Source/uart_tx.v:74]
INFO: [Synth 8-6155] done synthesizing module 'uart_tx' (0#1) [C:/Users/jjate/OneDrive/Desktop/nexys/uart_a7/uart_a7.srcs/sources_1/imports/Source/uart_tx.v:23]
INFO: [Synth 8-6155] done synthesizing module 'uart' (0#1) [C:/Users/jjate/OneDrive/Desktop/nexys/uart_a7/uart_a7.srcs/sources_1/imports/Source/uart.v:23]
INFO: [Synth 8-6157] synthesizing module 'sseg_driver' [C:/Users/jjate/OneDrive/Desktop/nexys/uart_a7/uart_a7.srcs/sources_1/imports/Source/sseg_driver.v:23]
INFO: [Synth 8-6157] synthesizing module 'udl_counter' [C:/Users/jjate/OneDrive/Desktop/nexys/uart_a7/uart_a7.srcs/sources_1/imports/Source/udl_counter.v:23]
	Parameter BITS bound to: 3 - type: integer 
INFO: [Synth 8-226] default block is never used [C:/Users/jjate/OneDrive/Desktop/nexys/uart_a7/uart_a7.srcs/sources_1/imports/Source/udl_counter.v:50]
INFO: [Synth 8-6155] done synthesizing module 'udl_counter' (0#1) [C:/Users/jjate/OneDrive/Desktop/nexys/uart_a7/uart_a7.srcs/sources_1/imports/Source/udl_counter.v:23]
INFO: [Synth 8-6157] synthesizing module 'timer_parameter__parameterized0' [C:/Users/jjate/OneDrive/Desktop/nexys/uart_a7/uart_a7.srcs/sources_1/imports/Source/timer_parameter.v:23]
	Parameter FINAL_VALUE bound to: 104165 - type: integer 
INFO: [Synth 8-6155] done synthesizing module 'timer_parameter__parameterized0' (0#1) [C:/Users/jjate/OneDrive/Desktop/nexys/uart_a7/uart_a7.srcs/sources_1/imports/Source/timer_parameter.v:23]
INFO: [Synth 8-6157] synthesizing module 'decoder_generic' [C:/Users/jjate/OneDrive/Desktop/nexys/uart_a7/uart_a7.srcs/sources_1/imports/Source/decoder_generic.v:23]
	Parameter N bound to: 3 - type: integer 
INFO: [Synth 8-6155] done synthesizing module 'decoder_generic' (0#1) [C:/Users/jjate/OneDrive/Desktop/nexys/uart_a7/uart_a7.srcs/sources_1/imports/Source/decoder_generic.v:23]
INFO: [Synth 8-6157] synthesizing module 'mux_8x1_nbit' [C:/Users/jjate/OneDrive/Desktop/nexys/uart_a7/uart_a7.srcs/sources_1/imports/Source/mux_8x1_nbit.v:23]
	Parameter N bound to: 6 - type: integer 
INFO: [Synth 8-226] default block is never used [C:/Users/jjate/OneDrive/Desktop/nexys/uart_a7/uart_a7.srcs/sources_1/imports/Source/mux_8x1_nbit.v:34]
INFO: [Synth 8-6155] done synthesizing module 'mux_8x1_nbit' (0#1) [C:/Users/jjate/OneDrive/Desktop/nexys/uart_a7/uart_a7.srcs/sources_1/imports/Source/mux_8x1_nbit.v:23]
INFO: [Synth 8-6157] synthesizing module 'hex2sseg' [C:/Users/jjate/OneDrive/Desktop/nexys/uart_a7/uart_a7.srcs/sources_1/imports/Source/hex2sseg.v:23]
INFO: [Synth 8-6155] done synthesizing module 'hex2sseg' (0#1) [C:/Users/jjate/OneDrive/Desktop/nexys/uart_a7/uart_a7.srcs/sources_1/imports/Source/hex2sseg.v:23]
INFO: [Synth 8-6155] done synthesizing module 'sseg_driver' (0#1) [C:/Users/jjate/OneDrive/Desktop/nexys/uart_a7/uart_a7.srcs/sources_1/imports/Source/sseg_driver.v:23]
INFO: [Synth 8-6155] done synthesizing module 'terminal_demo' (0#1) [C:/Users/jjate/OneDrive/Desktop/nexys/uart_a7/uart_a7.srcs/sources_1/imports/Source/terminal_demo.v:23]
---------------------------------------------------------------------------------
Finished RTL Elaboration : Time (s): cpu = 00:00:05 ; elapsed = 00:00:05 . Memory (MB): peak = 1201.457 ; gain = 578.781
---------------------------------------------------------------------------------
---------------------------------------------------------------------------------
Start Handling Custom Attributes
---------------------------------------------------------------------------------
---------------------------------------------------------------------------------
Finished Handling Custom Attributes : Time (s): cpu = 00:00:05 ; elapsed = 00:00:05 . Memory (MB): peak = 1201.457 ; gain = 578.781
---------------------------------------------------------------------------------
---------------------------------------------------------------------------------
Finished RTL Optimization Phase 1 : Time (s): cpu = 00:00:05 ; elapsed = 00:00:05 . Memory (MB): peak = 1201.457 ; gain = 578.781
---------------------------------------------------------------------------------
Netlist sorting complete. Time (s): cpu = 00:00:00 ; elapsed = 00:00:00.002 . Memory (MB): peak = 1201.457 ; gain = 0.000
INFO: [Project 1-570] Preparing netlist for logic optimization

Processing XDC Constraints
Initializing timing engine
Parsing XDC File [c:/Users/jjate/OneDrive/Desktop/nexys/uart_a7/uart_a7.gen/sources_1/ip/fifo_generator_0/fifo_generator_0/fifo_generator_0_in_context.xdc] for cell 'uart_driver/rx_FIFO'
Finished Parsing XDC File [c:/Users/jjate/OneDrive/Desktop/nexys/uart_a7/uart_a7.gen/sources_1/ip/fifo_generator_0/fifo_generator_0/fifo_generator_0_in_context.xdc] for cell 'uart_driver/rx_FIFO'
Parsing XDC File [c:/Users/jjate/OneDrive/Desktop/nexys/uart_a7/uart_a7.gen/sources_1/ip/fifo_generator_0/fifo_generator_0/fifo_generator_0_in_context.xdc] for cell 'uart_driver/tx_FIFO'
Finished Parsing XDC File [c:/Users/jjate/OneDrive/Desktop/nexys/uart_a7/uart_a7.gen/sources_1/ip/fifo_generator_0/fifo_generator_0/fifo_generator_0_in_context.xdc] for cell 'uart_driver/tx_FIFO'
Parsing XDC File [C:/Users/jjate/OneDrive/Desktop/nexys/uart_a7/uart_a7.srcs/constrs_1/imports/Constraint/Nexys4DDR_Master.xdc]
Finished Parsing XDC File [C:/Users/jjate/OneDrive/Desktop/nexys/uart_a7/uart_a7.srcs/constrs_1/imports/Constraint/Nexys4DDR_Master.xdc]
INFO: [Project 1-236] Implementation specific constraints were found while reading constraint file [C:/Users/jjate/OneDrive/Desktop/nexys/uart_a7/uart_a7.srcs/constrs_1/imports/Constraint/Nexys4DDR_Master.xdc]. These constraints will be ignored for synthesis but will be used in implementation. Impacted constraints are listed in the file [.Xil/terminal_demo_propImpl.xdc].
Resolution: To avoid this warning, move constraints listed in [.Xil/terminal_demo_propImpl.xdc] to another XDC file and exclude this new file from synthesis with the used_in_synthesis property (File Properties dialog in GUI) and re-run elaboration/synthesis.
Completed Processing XDC Constraints

Netlist sorting complete. Time (s): cpu = 00:00:00 ; elapsed = 00:00:00 . Memory (MB): peak = 1287.715 ; gain = 0.000
INFO: [Project 1-111] Unisim Transformation Summary:
No Unisim elements were transformed.

Constraint Validation Runtime : Time (s): cpu = 00:00:00 ; elapsed = 00:00:00.004 . Memory (MB): peak = 1287.715 ; gain = 0.000
---------------------------------------------------------------------------------
Finished Constraint Validation : Time (s): cpu = 00:00:10 ; elapsed = 00:00:10 . Memory (MB): peak = 1287.715 ; gain = 665.039
---------------------------------------------------------------------------------
---------------------------------------------------------------------------------
Start Loading Part and Timing Information
---------------------------------------------------------------------------------
Loading part: xc7a100tcsg324-1
---------------------------------------------------------------------------------
Finished Loading Part and Timing Information : Time (s): cpu = 00:00:10 ; elapsed = 00:00:10 . Memory (MB): peak = 1287.715 ; gain = 665.039
---------------------------------------------------------------------------------
---------------------------------------------------------------------------------
Start Applying 'set_property' XDC Constraints
---------------------------------------------------------------------------------
Applied set_property KEEP_HIERARCHY = SOFT for uart_driver/rx_FIFO. (constraint file  auto generated constraint).
Applied set_property KEEP_HIERARCHY = SOFT for uart_driver/tx_FIFO. (constraint file  auto generated constraint).
---------------------------------------------------------------------------------
Finished applying 'set_property' XDC Constraints : Time (s): cpu = 00:00:10 ; elapsed = 00:00:10 . Memory (MB): peak = 1287.715 ; gain = 665.039
---------------------------------------------------------------------------------
INFO: [Synth 8-802] inferred FSM for state register 'state_reg_reg' in module 'debouncer_delayed_fsm'
INFO: [Synth 8-802] inferred FSM for state register 'state_reg_reg' in module 'edge_detector'
INFO: [Synth 8-802] inferred FSM for state register 'state_reg_reg' in module 'uart_rx'
INFO: [Synth 8-802] inferred FSM for state register 'state_reg_reg' in module 'uart_tx'
---------------------------------------------------------------------------------------------------
                   State |                     New Encoding |                Previous Encoding 
---------------------------------------------------------------------------------------------------
                      s0 |                               10 |                               00
                      s1 |                               11 |                               01
                      s2 |                               01 |                               10
                      s3 |                               00 |                               11
---------------------------------------------------------------------------------------------------
INFO: [Synth 8-3354] encoded FSM with state register 'state_reg_reg' using encoding 'sequential' in module 'debouncer_delayed_fsm'
---------------------------------------------------------------------------------------------------
                   State |                     New Encoding |                Previous Encoding 
---------------------------------------------------------------------------------------------------
                      s0 |                               00 |                               00
                      s1 |                               01 |                               01
                      s2 |                               10 |                               10
                      s3 |                               11 |                               11
---------------------------------------------------------------------------------------------------
INFO: [Synth 8-3354] encoded FSM with state register 'state_reg_reg' using encoding 'sequential' in module 'edge_detector'
---------------------------------------------------------------------------------------------------
                   State |                     New Encoding |                Previous Encoding 
---------------------------------------------------------------------------------------------------
                    idle |                               00 |                               00
                   start |                               01 |                               01
                    data |                               10 |                               10
                    stop |                               11 |                               11
---------------------------------------------------------------------------------------------------
INFO: [Synth 8-3354] encoded FSM with state register 'state_reg_reg' using encoding 'sequential' in module 'uart_rx'
---------------------------------------------------------------------------------------------------
                   State |                     New Encoding |                Previous Encoding 
---------------------------------------------------------------------------------------------------
                    idle |                               00 |                               00
                   start |                               01 |                               01
                    data |                               10 |                               10
                    stop |                               11 |                               11
---------------------------------------------------------------------------------------------------
INFO: [Synth 8-3354] encoded FSM with state register 'state_reg_reg' using encoding 'sequential' in module 'uart_tx'
---------------------------------------------------------------------------------
Finished RTL Optimization Phase 2 : Time (s): cpu = 00:00:10 ; elapsed = 00:00:11 . Memory (MB): peak = 1287.715 ; gain = 665.039
---------------------------------------------------------------------------------
---------------------------------------------------------------------------------
Start RTL Component Statistics 
---------------------------------------------------------------------------------
Detailed RTL Component Info : 
+---Adders : 
	   2 Input   11 Bit       Adders := 1     
	   2 Input    4 Bit       Adders := 2     
	   2 Input    3 Bit       Adders := 4     
+---Registers : 
	               11 Bit    Registers := 1     
	                8 Bit    Registers := 2     
	                4 Bit    Registers := 2     
	                3 Bit    Registers := 3     
	                2 Bit    Registers := 2     
	                1 Bit    Registers := 1     
+---Muxes : 
	   2 Input   11 Bit        Muxes := 1     
	   4 Input    8 Bit        Muxes := 1     
	   2 Input    8 Bit        Muxes := 1     
	   2 Input    4 Bit        Muxes := 3     
	   4 Input    4 Bit        Muxes := 2     
	   4 Input    3 Bit        Muxes := 2     
	   3 Input    3 Bit        Muxes := 1     
	   4 Input    2 Bit        Muxes := 6     
	   2 Input    2 Bit        Muxes := 22    
	   2 Input    1 Bit        Muxes := 17    
	   4 Input    1 Bit        Muxes := 11    
---------------------------------------------------------------------------------
Finished RTL Component Statistics 
---------------------------------------------------------------------------------
---------------------------------------------------------------------------------
Start Part Resource Summary
---------------------------------------------------------------------------------
Part Resources:
DSPs: 240 (col length:80)
BRAMs: 270 (col length: RAMB18 80 RAMB36 40)
---------------------------------------------------------------------------------
Finished Part Resource Summary
---------------------------------------------------------------------------------
---------------------------------------------------------------------------------
Start Cross Boundary and Area Optimization
---------------------------------------------------------------------------------
WARNING: [Synth 8-7080] Parallel synthesis criteria is not met
---------------------------------------------------------------------------------
Finished Cross Boundary and Area Optimization : Time (s): cpu = 00:00:12 ; elapsed = 00:00:12 . Memory (MB): peak = 1287.715 ; gain = 665.039
---------------------------------------------------------------------------------
---------------------------------------------------------------------------------
Start Applying XDC Timing Constraints
---------------------------------------------------------------------------------
---------------------------------------------------------------------------------
Finished Applying XDC Timing Constraints : Time (s): cpu = 00:00:16 ; elapsed = 00:00:17 . Memory (MB): peak = 1395.512 ; gain = 772.836
---------------------------------------------------------------------------------
---------------------------------------------------------------------------------
Start Timing Optimization
---------------------------------------------------------------------------------
---------------------------------------------------------------------------------
Finished Timing Optimization : Time (s): cpu = 00:00:16 ; elapsed = 00:00:17 . Memory (MB): peak = 1421.129 ; gain = 798.453
---------------------------------------------------------------------------------
---------------------------------------------------------------------------------
Start Technology Mapping
---------------------------------------------------------------------------------
---------------------------------------------------------------------------------
Finished Technology Mapping : Time (s): cpu = 00:00:16 ; elapsed = 00:00:17 . Memory (MB): peak = 1421.129 ; gain = 798.453
---------------------------------------------------------------------------------
---------------------------------------------------------------------------------
Start IO Insertion
---------------------------------------------------------------------------------
---------------------------------------------------------------------------------
Start Flattening Before IO Insertion
---------------------------------------------------------------------------------
---------------------------------------------------------------------------------
Finished Flattening Before IO Insertion
---------------------------------------------------------------------------------
---------------------------------------------------------------------------------
Start Final Netlist Cleanup
---------------------------------------------------------------------------------
---------------------------------------------------------------------------------
Finished Final Netlist Cleanup
---------------------------------------------------------------------------------
---------------------------------------------------------------------------------
Finished IO Insertion : Time (s): cpu = 00:00:19 ; elapsed = 00:00:19 . Memory (MB): peak = 1625.816 ; gain = 1003.141
---------------------------------------------------------------------------------
---------------------------------------------------------------------------------
Start Renaming Generated Instances
---------------------------------------------------------------------------------
---------------------------------------------------------------------------------
Finished Renaming Generated Instances : Time (s): cpu = 00:00:19 ; elapsed = 00:00:19 . Memory (MB): peak = 1625.816 ; gain = 1003.141
---------------------------------------------------------------------------------
---------------------------------------------------------------------------------
Start Rebuilding User Hierarchy
---------------------------------------------------------------------------------
---------------------------------------------------------------------------------
Finished Rebuilding User Hierarchy : Time (s): cpu = 00:00:19 ; elapsed = 00:00:19 . Memory (MB): peak = 1625.816 ; gain = 1003.141
---------------------------------------------------------------------------------
---------------------------------------------------------------------------------
Start Renaming Generated Ports
---------------------------------------------------------------------------------
---------------------------------------------------------------------------------
Finished Renaming Generated Ports : Time (s): cpu = 00:00:19 ; elapsed = 00:00:19 . Memory (MB): peak = 1625.816 ; gain = 1003.141
---------------------------------------------------------------------------------
---------------------------------------------------------------------------------
Start Handling Custom Attributes
---------------------------------------------------------------------------------
---------------------------------------------------------------------------------
Finished Handling Custom Attributes : Time (s): cpu = 00:00:19 ; elapsed = 00:00:19 . Memory (MB): peak = 1625.816 ; gain = 1003.141
---------------------------------------------------------------------------------
---------------------------------------------------------------------------------
Start Renaming Generated Nets
---------------------------------------------------------------------------------
---------------------------------------------------------------------------------
Finished Renaming Generated Nets : Time (s): cpu = 00:00:19 ; elapsed = 00:00:19 . Memory (MB): peak = 1625.816 ; gain = 1003.141
---------------------------------------------------------------------------------
---------------------------------------------------------------------------------
Start Writing Synthesis Report
---------------------------------------------------------------------------------

Report BlackBoxes: 
+------+-----------------+----------+
|      |BlackBox name    |Instances |
+------+-----------------+----------+
|1     |fifo_generator_0 |         2|
+------+-----------------+----------+

Report Cell Usage: 
+------+-----------------+------+
|      |Cell             |Count |
+------+-----------------+------+
|1     |fifo_generator   |     1|
|2     |fifo_generator_0 |     1|
|3     |BUFG             |     1|
|4     |CARRY4           |    17|
|5     |LUT1             |     1|
|6     |LUT2             |    51|
|7     |LUT3             |    25|
|8     |LUT4             |    28|
|9     |LUT5             |    15|
|10    |LUT6             |    33|
|11    |FDCE             |   117|
|12    |FDPE             |     3|
|13    |IBUF             |    13|
|14    |OBUF             |    19|
+------+-----------------+------+
---------------------------------------------------------------------------------
Finished Writing Synthesis Report : Time (s): cpu = 00:00:19 ; elapsed = 00:00:19 . Memory (MB): peak = 1625.816 ; gain = 1003.141
---------------------------------------------------------------------------------
Synthesis finished with 0 errors, 0 critical warnings and 1 warnings.
Synthesis Optimization Runtime : Time (s): cpu = 00:00:13 ; elapsed = 00:00:18 . Memory (MB): peak = 1625.816 ; gain = 916.883
Synthesis Optimization Complete : Time (s): cpu = 00:00:19 ; elapsed = 00:00:20 . Memory (MB): peak = 1625.816 ; gain = 1003.141
INFO: [Project 1-571] Translating synthesized netlist
Netlist sorting complete. Time (s): cpu = 00:00:00 ; elapsed = 00:00:00.001 . Memory (MB): peak = 1635.016 ; gain = 0.000
INFO: [Netlist 29-17] Analyzing 17 Unisim elements for replacement
INFO: [Netlist 29-28] Unisim Transformation completed in 0 CPU seconds
INFO: [Project 1-570] Preparing netlist for logic optimization
INFO: [Opt 31-138] Pushed 0 inverter(s) to 0 load pin(s).
Netlist sorting complete. Time (s): cpu = 00:00:00 ; elapsed = 00:00:00 . Memory (MB): peak = 1638.695 ; gain = 0.000
INFO: [Project 1-111] Unisim Transformation Summary:
No Unisim elements were transformed.

Synth Design complete | Checksum: e722499f
INFO: [Common 17-83] Releasing license: Synthesis
68 Infos, 1 Warnings, 0 Critical Warnings and 0 Errors encountered.
synth_design completed successfully
synth_design: Time (s): cpu = 00:00:21 ; elapsed = 00:00:24 . Memory (MB): peak = 1638.695 ; gain = 1223.227
Write ShapeDB Complete: Time (s): cpu = 00:00:00 ; elapsed = 00:00:00.001 . Memory (MB): peak = 1638.695 ; gain = 0.000
INFO: [Common 17-1381] The checkpoint 'C:/Users/jjate/OneDrive/Desktop/nexys/uart_a7/uart_a7.runs/synth_1/terminal_demo.dcp' has been generated.
INFO: [Vivado 12-24828] Executing command : report_utilization -file terminal_demo_utilization_synth.rpt -pb terminal_demo_utilization_synth.pb
INFO: [Common 17-206] Exiting Vivado at Wed Feb 12 22:39:58 2025...
